Last login: Thu Sep  5 14:54:45 on ttys000
You have mail.

The default interactive shell is now zsh.
To update your account to use zsh, please run `chsh -s /bin/zsh`.
For more details, please visit https://support.apple.com/kb/HT208050.
(base) econ1-161-109-dhcp:~ jamesmiles$ ls
#include <iostream>		Untitled3.Rmd
Applications			Zotero
Appm_3650			a.out
BrawlhallaReplays		exam3.Rmd
Desktop				exam3.nb.html
Documents			final_stat3400.Rmd
Downloads			helloworld
EO1.R				helloworld.cpp
Library				matlab_crash_dump.21048-1
MacKeeper Backups		opt
Marble.Rmd			practicum.cpp
Movies				printcollatz.cpp
Music				proj2.Rmd
Parallels			quiz.cpp
Pictures			rec.cpp
Project3400.Rmd			rec5.cpp
Public				recitation.cpp
README.md			sumEven.cpp
Sites				testrep
Untitled.Rmd
(base) econ1-161-109-dhcp:~ jamesmiles$ cd testrep
(base) econ1-161-109-dhcp:testrep jamesmiles$ ls
APPM4600
(base) econ1-161-109-dhcp:testrep jamesmiles$ git clone git@github.com:Jesmiles20/testrep.git
Cloning into 'testrep'...
remote: Enumerating objects: 13, done.
remote: Counting objects: 100% (13/13), done.
remote: Compressing objects: 100% (10/10), done.
remote: Total 13 (delta 1), reused 0 (delta 0), pack-reused 0 (from 0)
Receiving objects: 100% (13/13), 372.98 KiB | 2.54 MiB/s, done.
Resolving deltas: 100% (1/1), done.
(base) econ1-161-109-dhcp:testrep jamesmiles$ git add APPM4600
(base) econ1-161-109-dhcp:testrep jamesmiles$ git commit -a -m "Added directories from lab 1"
On branch main
Your branch is up to date with 'origin/main'.

Untracked files:
  (use "git add <file>..." to include in what will be committed)
	testrep/

nothing added to commit but untracked files present (use "git add" to track)
(base) econ1-161-109-dhcp:testrep jamesmiles$ git push
Everything up-to-date
(base) econ1-161-109-dhcp:testrep jamesmiles$ cd /path/to/your/repository
-bash: cd: /path/to/your/repository: No such file or directory
(base) econ1-161-109-dhcp:testrep jamesmiles$ touch README.md
(base) econ1-161-109-dhcp:testrep jamesmiles$ git add READ.md
fatal: pathspec 'READ.md' did not match any files
(base) econ1-161-109-dhcp:testrep jamesmiles$ pwd
/Users/jamesmiles/testrep
(base) econ1-161-109-dhcp:testrep jamesmiles$ git add READ.md
fatal: pathspec 'READ.md' did not match any files
(base) econ1-161-109-dhcp:testrep jamesmiles$ ls
APPM4600	README.md	testrep
(base) econ1-161-109-dhcp:testrep jamesmiles$ git commit -m "Add README.md file"
On branch main
Your branch is up to date with 'origin/main'.

Untracked files:
  (use "git add <file>..." to include in what will be committed)
	README.md
	testrep/

nothing added to commit but untracked files present (use "git add" to track)
(base) econ1-161-109-dhcp:testrep jamesmiles$ git add README.md
(base) econ1-161-109-dhcp:testrep jamesmiles$ git commit -m "Add README.md file"
[main d6d5907] Add README.md file
 Committer: James Miles <jamesmiles@econ1-161-109-dhcp.int.colorado.edu>
Your name and email address were configured automatically based
on your username and hostname. Please check that they are accurate.
You can suppress this message by setting them explicitly:

    git config --global user.name "Your Name"
    git config --global user.email you@example.com

After doing this, you may fix the identity used for this commit with:

    git commit --amend --reset-author

 1 file changed, 0 insertions(+), 0 deletions(-)
 create mode 100644 README.md
(base) econ1-161-109-dhcp:testrep jamesmiles$ git push origin main
Enumerating objects: 4, done.
Counting objects: 100% (4/4), done.
Delta compression using up to 8 threads
Compressing objects: 100% (2/2), done.
Writing objects: 100% (3/3), 304 bytes | 304.00 KiB/s, done.
Total 3 (delta 0), reused 0 (delta 0), pack-reused 0
To github.com:Jesmiles20/testrep.git
   15071cd..d6d5907  main -> main
(base) econ1-161-109-dhcp:testrep jamesmiles$ nano README.md

  UW PICO 5.09                    File: README.md                     Modified  

#Testrepo
## James Miles
this is a test run

















^G Get Help  ^O WriteOut  ^R Read File ^Y Prev Pg   ^K Cut Text  ^C Cur Pos   
^X Exit      ^J Justify   ^W Where is  ^V Next Pg   ^U UnCut Text^T To Spell  
